// Jest Snapshot v1, https://goo.gl/fbAQLP

exports[`Footer bar should take Footer snapshot 1`] = `
<ContextConsumer>
  <Component />
</ContextConsumer>
`;
